// Jest Snapshot v1, https://goo.gl/fbAQLP

exports[`Footer component should render correctly 1`] = `
<div
  className="container"
>
  <div
    className="info"
  >
    <p
      className="copyright"
    >
       Â© 
      2022
       Top Massage. All rights reserved
    </p>
    <ul
      className="contacts"
    >
      <li
        className="facebook"
      >
        <i
          className="fab fa-facebook-f"
        />
      </li>
      <li
        className="insta"
      >
        <i
          className="fab fa-instagram"
        />
      </li>
      <li
        className="youtube"
      >
        <i
          className="fab fa-youtube"
        />
      </li>
    </ul>
  </div>
</div>
`;
