// Jest Snapshot v1, https://goo.gl/fbAQLP

exports[`Reservation page/AvaliableMassages component should render correctly with data and user is NOT auth 1`] = `
<div
  className="MuiFormControl-root MuiFormControl-fullWidth css-q8hpuo-MuiFormControl-root"
>
  <label
    className="MuiInputLabel-root MuiInputLabel-formControl MuiInputLabel-animated MuiInputLabel-standard MuiFormLabel-root MuiFormLabel-colorPrimary css-aqpgxn-MuiFormLabel-root-MuiInputLabel-root"
    data-shrink={false}
  >
    Вид масаж
  </label>
  <div
    className="MuiInput-root MuiInput-underline MuiInputBase-root MuiInputBase-colorPrimary MuiInputBase-fullWidth MuiInputBase-formControl MuiSelect-root css-ghsjzk-MuiInputBase-root-MuiInput-root"
    onClick={[Function]}
  >
    <div
      aria-expanded="false"
      aria-haspopup="listbox"
      aria-labelledby="reservationMassage"
      className="MuiSelect-select MuiSelect-standard MuiInput-input MuiInputBase-input css-1rxz5jq-MuiSelect-select-MuiInputBase-input-MuiInput-input"
      id="reservationMassage"
      onBlur={[Function]}
      onFocus={[Function]}
      onKeyDown={[Function]}
      onMouseDown={[Function]}
      role="button"
      tabIndex={0}
    >
      <span
        className="notranslate"
        dangerouslySetInnerHTML={
          Object {
            "__html": "&#8203;",
          }
        }
      />
    </div>
    <input
      aria-hidden={true}
      className="MuiSelect-nativeInput css-yf8vq0-MuiSelect-nativeInput"
      disabled={false}
      name="massage"
      onAnimationStart={[Function]}
      onChange={[Function]}
      required={false}
      tabIndex={-1}
      value=""
    />
    <svg
      aria-hidden={true}
      className="MuiSvgIcon-root MuiSvgIcon-fontSizeMedium MuiSelect-icon MuiSelect-iconStandard css-pqjvzy-MuiSvgIcon-root-MuiSelect-icon"
      data-testid="ArrowDropDownIcon"
      focusable="false"
      viewBox="0 0 24 24"
    >
      <path
        d="M7 10l5 5 5-5z"
      />
    </svg>
  </div>
</div>
`;

exports[`Reservation page/AvaliableMassages component should render correctly with data and user is auth 1`] = `
<div
  className="MuiFormControl-root MuiFormControl-fullWidth css-q8hpuo-MuiFormControl-root"
>
  <label
    className="MuiInputLabel-root MuiInputLabel-formControl MuiInputLabel-animated MuiInputLabel-standard MuiFormLabel-root MuiFormLabel-colorPrimary css-aqpgxn-MuiFormLabel-root-MuiInputLabel-root"
    data-shrink={false}
  >
    Вид масаж
  </label>
  <div
    className="MuiInput-root MuiInput-underline MuiInputBase-root MuiInputBase-colorPrimary MuiInputBase-fullWidth MuiInputBase-formControl MuiSelect-root css-ghsjzk-MuiInputBase-root-MuiInput-root"
    onClick={[Function]}
  >
    <div
      aria-expanded="false"
      aria-haspopup="listbox"
      aria-labelledby="reservationMassage"
      className="MuiSelect-select MuiSelect-standard MuiInput-input MuiInputBase-input css-1rxz5jq-MuiSelect-select-MuiInputBase-input-MuiInput-input"
      id="reservationMassage"
      onBlur={[Function]}
      onFocus={[Function]}
      onKeyDown={[Function]}
      onMouseDown={[Function]}
      role="button"
      tabIndex={0}
    >
      <span
        className="notranslate"
        dangerouslySetInnerHTML={
          Object {
            "__html": "&#8203;",
          }
        }
      />
    </div>
    <input
      aria-hidden={true}
      className="MuiSelect-nativeInput css-yf8vq0-MuiSelect-nativeInput"
      disabled={false}
      name="massage"
      onAnimationStart={[Function]}
      onChange={[Function]}
      required={false}
      tabIndex={-1}
      value=""
    />
    <svg
      aria-hidden={true}
      className="MuiSvgIcon-root MuiSvgIcon-fontSizeMedium MuiSelect-icon MuiSelect-iconStandard css-pqjvzy-MuiSvgIcon-root-MuiSelect-icon"
      data-testid="ArrowDropDownIcon"
      focusable="false"
      viewBox="0 0 24 24"
    >
      <path
        d="M7 10l5 5 5-5z"
      />
    </svg>
  </div>
</div>
`;

exports[`Reservation page/AvaliableMassages component should render correctly with no data 1`] = `
<div
  className="MuiFormControl-root MuiFormControl-fullWidth css-q8hpuo-MuiFormControl-root"
>
  <label
    className="MuiInputLabel-root MuiInputLabel-formControl MuiInputLabel-animated MuiInputLabel-standard MuiFormLabel-root MuiFormLabel-colorPrimary css-aqpgxn-MuiFormLabel-root-MuiInputLabel-root"
    data-shrink={false}
  >
    Вид масаж
  </label>
  <div
    className="MuiInput-root MuiInput-underline MuiInputBase-root MuiInputBase-colorPrimary MuiInputBase-fullWidth MuiInputBase-formControl MuiSelect-root css-ghsjzk-MuiInputBase-root-MuiInput-root"
    onClick={[Function]}
  >
    <div
      aria-expanded="false"
      aria-haspopup="listbox"
      aria-labelledby="reservationMassage"
      className="MuiSelect-select MuiSelect-standard MuiInput-input MuiInputBase-input css-1rxz5jq-MuiSelect-select-MuiInputBase-input-MuiInput-input"
      id="reservationMassage"
      onBlur={[Function]}
      onFocus={[Function]}
      onKeyDown={[Function]}
      onMouseDown={[Function]}
      role="button"
      tabIndex={0}
    >
      <span
        className="notranslate"
        dangerouslySetInnerHTML={
          Object {
            "__html": "&#8203;",
          }
        }
      />
    </div>
    <input
      aria-hidden={true}
      className="MuiSelect-nativeInput css-yf8vq0-MuiSelect-nativeInput"
      disabled={false}
      name="massage"
      onAnimationStart={[Function]}
      onChange={[Function]}
      required={false}
      tabIndex={-1}
      value=""
    />
    <svg
      aria-hidden={true}
      className="MuiSvgIcon-root MuiSvgIcon-fontSizeMedium MuiSelect-icon MuiSelect-iconStandard css-pqjvzy-MuiSvgIcon-root-MuiSelect-icon"
      data-testid="ArrowDropDownIcon"
      focusable="false"
      viewBox="0 0 24 24"
    >
      <path
        d="M7 10l5 5 5-5z"
      />
    </svg>
  </div>
</div>
`;
